[2026-09-16 22:05:49]	Bug collection enabled
[2026-09-16 22:05:49]	Application Session Hash = 16057501271241737085
[2026-09-16 22:05:49]	Hostname Hash = 3F50E9C3
[2026-09-16 22:05:49]	Started bug helper[2026-09-16 22:05:49]	BugHelper base folder: "C:\Users\ZYL\AppData\Local\Firaxis Games\Sid Meier's Civilization VI"[2026-09-16 22:06:56]	Memory usage: 2.130Gb
[2026-09-16 22:07:56]	Memory usage: 5.171Gb
[2026-09-16 22:11:56]	Memory usage: 5.263Gb
[2026-09-16 22:15:56]	Memory usage: 5.274Gb
[2026-09-16 22:16:56]	Memory usage: 5.277Gb
[2026-09-16 22:17:56]	Memory usage: 5.283Gb
[2026-09-16 22:18:56]	Memory usage: 5.298Gb
[2026-09-16 22:19:56]	Memory usage: 5.368Gb
[2026-09-16 22:27:56]	Memory usage: 5.411Gb
[2026-09-16 22:29:56]	Memory usage: 5.452Gb
[2026-09-16 22:32:56]	Memory usage: 5.524Gb
[2026-09-16 22:40:57]	Memory usage: 5.533Gb
[2026-09-16 22:41:57]	Memory usage: 5.551Gb
[2026-09-16 22:44:57]	Memory usage: 5.616Gb
[2026-09-16 23:00:57]	Memory usage: 5.656Gb
[2026-09-16 23:05:57]	Memory usage: 5.675Gb
[2026-09-16 23:11:57]	Memory usage: 5.700Gb
[2026-09-16 23:12:57]	Memory usage: 5.707Gb
[2026-09-16 23:13:57]	Memory usage: 5.718Gb
[2026-09-16 23:16:57]	Memory usage: 5.725Gb
[2026-09-16 23:17:57]	Memory usage: 5.735Gb
[2026-09-16 23:21:57]	Memory usage: 5.752Gb
[2026-09-16 23:22:57]	Memory usage: 5.755Gb
[2026-09-16 23:23:57]	Memory usage: 5.806Gb
[2026-09-16 23:47:57]	Memory usage: 5.839Gb
[2026-09-16 23:54:57]	Memory usage: 5.858Gb
[2026-09-16 23:55:57]	Memory usage: 5.859Gb
[2026-09-16 23:56:57]	Memory usage: 5.861Gb
[2026-09-16 23:58:57]	Memory usage: 5.868Gb
[2026-09-16 23:59:57]	Memory usage: 5.868Gb
[2026-09-17 00:35:57]	Memory usage: 5.933Gb
[2026-09-17 00:41:57]	Memory usage: 5.952Gb
