[2026-09-16 22:05:49]	Civ6App::InitialInit start.
[2026-09-16 22:05:49]	Game Version = 1.0.12.68 (1023995)
[2026-09-16 22:05:49]	Running App::EOS::SetupService() ...
[2026-09-16 22:05:50]	EOSSystemEventHandler Startup
[2026-09-16 22:05:50]	Running SetupReflectionTypeInfo() ...
[2026-09-16 22:05:50]	Running SetupErrorHandling() ...
[2026-09-16 22:05:50]	Running DoGraphicsDeviceSelection() ...
[2026-09-16 22:05:50]	Selected graphics device is: NVIDIA GeForce RTX 4070 Ti.  Device ID: 10114.  Index: 0
[2026-09-16 22:05:50]	Unable to determine Graphics Performance Level. Defaulting graphics settings to medium.
[2026-09-16 22:05:50]	Running RegisterEvents() ...
[2026-09-16 22:05:50]	Running SetupNetworkLobbyService() ...
[2026-09-16 22:05:50]	SetupNetworkLobbyService()
[2026-09-16 22:05:50]	Running SetupMemoryTracker() ...
[2026-09-16 22:05:50]	Running SetupFileSystem() ...
[2026-09-16 22:05:50]	Running SetupLogging() ...
[2026-09-16 22:05:50]	Running SetupDedicatedServer() ...
[2026-09-16 22:05:50]	Running SetupNetwork() ...
[2026-09-16 22:05:50]	CommandLine = 
[2026-09-16 22:05:50]	Running SetupDatabase() ...
[2026-09-16 22:05:52]	Running SetupLocalization() ...
[2026-09-16 22:05:52]	Running SetupContentPaths() ...
[2026-09-16 22:05:52]	Running SetupOwnership() ...
[2026-09-16 22:05:52]	Running GameCore::InitializeApplicationSupport() ...
[2026-09-16 22:05:52]	Running SetupChallenges() ...
[2026-09-16 22:05:52]	Game Core Thread Count = 3.
[2026-09-16 22:05:52]	Game Core Unit Pathing Thread Count = 3.
[2026-09-16 22:05:52]	Game Core Trade Pathing Thread Count = 3.
[2026-09-16 22:05:52]	Civ6App::InitialInit end.
[2026-09-16 22:05:52]	Civ6App::GUIInit start.
[2026-09-16 22:05:52]	Running SetupGraphics() ...
[2026-09-16 22:05:52]	Running SetupArtManager() ...
[2026-09-16 22:05:52]	Running SetupUI() ...
[2026-09-16 22:05:52]	Running SubscribeToEvents() ...
[2026-09-16 22:05:52]	Running SetupGameStates() ...
[2026-09-16 22:05:52]	Running SetupInput() ...
[2026-09-16 22:05:52]	Starting search engine.
[2026-09-16 22:05:52]	Setting up achievements.
[2026-09-16 22:05:52]	Setting up scripting.
[2026-09-16 22:05:52]	Setting up modding.
[2026-09-16 22:05:56]	Running SetupTuner() ...
[2026-09-16 22:05:56]	Setting up tuner.
[2026-09-16 22:05:56]	Spawning async init job.
[2026-09-16 22:05:56]	Civ6App::GUIInit end.
[2026-09-16 22:05:56]	Running SetupAudio(uiSystemInitFlags) ...
[2026-09-16 22:05:56]	Running Granny::Initialize() ...
[2026-09-16 22:05:56]	Running SetupBinarySerialization() ...
