[2026-09-16 19:57:32]	Bug collection enabled
[2026-09-16 19:57:32]	Application Session Hash = 15343904862419789491
[2026-09-16 19:57:32]	Hostname Hash = 3F50E9C3
[2026-09-16 19:57:32]	Started bug helper[2026-09-16 19:57:32]	BugHelper base folder: "C:\Users\ZYL\AppData\Local\Firaxis Games\Sid Meier's Civilization VI"[2026-09-16 19:58:40]	Memory usage: 1.749Gb
[2026-09-16 19:59:40]	Memory usage: 1.754Gb
[2026-09-16 20:00:40]	Memory usage: 1.755Gb
[2026-09-16 20:02:40]	Memory usage: 1.838Gb
[2026-09-16 20:03:40]	Memory usage: 1.952Gb
[2026-09-16 20:05:40]	Memory usage: 4.865Gb
[2026-09-16 20:07:40]	Memory usage: 4.867Gb
[2026-09-16 20:08:40]	Memory usage: 4.895Gb
[2026-09-16 20:09:40]	Memory usage: 4.896Gb
[2026-09-16 20:10:40]	Memory usage: 4.950Gb
[2026-09-16 20:11:40]	Memory usage: 5.004Gb
[2026-09-16 20:12:40]	Memory usage: 5.013Gb
[2026-09-16 20:23:40]	Memory usage: 5.053Gb
[2026-09-16 20:24:40]	Memory usage: 5.067Gb
[2026-09-16 20:25:40]	Memory usage: 5.077Gb
[2026-09-16 20:26:40]	Memory usage: 5.085Gb
[2026-09-16 20:27:40]	Memory usage: 5.119Gb
[2026-09-16 20:28:40]	Memory usage: 5.157Gb
[2026-09-16 20:29:40]	Memory usage: 5.172Gb
[2026-09-16 20:30:40]	Memory usage: 5.178Gb
[2026-09-16 20:31:40]	Memory usage: 5.197Gb
[2026-09-16 20:32:40]	Memory usage: 5.207Gb
[2026-09-16 20:33:40]	Memory usage: 5.239Gb
[2026-09-16 20:34:40]	Memory usage: 5.240Gb
[2026-09-16 20:35:40]	Memory usage: 5.253Gb
[2026-09-16 20:36:40]	Memory usage: 5.266Gb
