[2853889.578] Resolving Random Leaders for Game.
[2853889.578] Current Civ/Leader State:
[2853889.578] Player 0: Civilization - CIVILIZATION_PERSIA (-1634075386)  Leader - LEADER_CYRUS (1064695772), - Level - CIVILIZATION_LEVEL_FULL_CIV, SlotStatus - Human
[2853889.578] Player 1: Civilization - CIVILIZATION_BABYLON_STK (1770109778)  Leader - LEADER_HAMMURABI (963386021), - Level - CIVILIZATION_LEVEL_FULL_CIV, SlotStatus - Human
[2853889.578] Player 2: Civilization - CIVILIZATION_INDIA (-507217249)  Leader - LEADER_CHANDRAGUPTA (-746938402), - Level - CIVILIZATION_LEVEL_FULL_CIV, SlotStatus - Human
[2853889.578] Player 3: Civilization - CIVILIZATION_NUBIA (-797898077)  Leader - LEADER_AMANITORE (1254487876), - Level - CIVILIZATION_LEVEL_FULL_CIV, SlotStatus - Human
[2853889.582] Player 4: Civilization - (null) (0)  Leader - (null) (-1), - Level - CIVILIZATION_LEVEL_FULL_CIV, SlotStatus - AI
[2853889.582] Player 5: Civilization - (null) (0)  Leader - (null) (-1), - Level - CIVILIZATION_LEVEL_FULL_CIV, SlotStatus - AI
[2853889.582] Player 6: Civilization - (null) (0)  Leader - (null) (-1), - Level - CIVILIZATION_LEVEL_FULL_CIV, SlotStatus - AI
[2853889.582] Player 7: Civilization - (null) (0)  Leader - (null) (-1), - Level - CIVILIZATION_LEVEL_FULL_CIV, SlotStatus - AI
[2853889.582] Resolving random leader for player 0
[2853889.582] Player already has a leader selected, skipping!
[2853889.582] Resolving random leader for player 1
[2853889.582] Player already has a leader selected, skipping!
[2853889.582] Resolving random leader for player 2
[2853889.582] Player already has a leader selected, skipping!
[2853889.582] Resolving random leader for player 3
[2853889.582] Player already has a leader selected, skipping!
[2853889.582] Resolving random leader for player 4
[2853889.582] Possible Values: CIVILIZATION_FRANCE::LEADER_ELEANOR_FRANCE, CIVILIZATION_ENGLAND::LEADER_ELEANOR_ENGLAND, CIVILIZATION_GAUL::LEADER_AMBIORIX, CIVILIZATION_BYZANTIUM::LEADER_BASIL, CIVILIZATION_JAPAN::LEADER_HOJO, CIVILIZATION_JAPAN::LEADER_HOJO_INLAND, CIVILIZATION_RUSSIA::LEADER_PETER_GREAT, CIVILIZATION_GREECE::LEADER_PERICLES, CIVILIZATION_MONGOLIA::LEADER_GENGHIS_KHAN, CIVILIZATION_JAPAN::LEADER_TOKUGAWA, CIVILIZATION_BYZANTIUM::LEADER_THEODORA, CIVILIZATION_PHOENICIA::LEADER_DIDO, CIVILIZATION_KONGO::LEADER_NZINGA_MBANDE, CIVILIZATION_SPAIN::LEADER_PHILIP_II, CIVILIZATION_SPAIN::LEADER_PHILIP_II_INLAND, CIVILIZATION_GERMANY::LEADER_BARBAROSSA, CIVILIZATION_INDIA::LEADER_GANDHI, CIVILIZATION_GREECE::LEADER_GORGO, CIVILIZATION_NORWAY::LEADER_HARDRADA, CIVILIZATION_NORWAY::LEADER_HARALD_ALT, CIVILIZATION_MONGOLIA::LEADER_KUBLAI_KHAN_MONGOLIA, CIVILIZATION_CHINA::LEADER_KUBLAI_KHAN_CHINA, CIVILIZATION_SUMERIA::LEADER_GILGAMESH, CIVILIZATION_PERSIA::LEADER_CYRUS, CIVILIZATION_FRANCE::LEADER_CATHERINE_DE_MEDICI, CIVILIZATION_FRANCE::LEADER_CATHERINE_DE_MEDICI_ALT, CIVILIZATION_SWEDEN::LEADER_KRISTINA, CIVILIZATION_EGYPT::LEADER_CLEOPATRA, CIVILIZATION_EGYPT::LEADER_CLEOPATRA_ALT, CIVILIZATION_MAORI::LEADER_KUPE, CIVILIZATION_EGYPT::LEADER_RAMSES, CIVILIZATION_MAPUCHE::LEADER_LAUTARO, CIVILIZATION_MAYA::LEADER_LADY_SIX_SKY, CIVILIZATION_GERMANY::LEADER_LUDWIG, CIVILIZATION_SCOTLAND::LEADER_ROBERT_THE_BRUCE, CIVILIZATION_MALI::LEADER_MANSA_MUSA, CIVILIZATION_AZTEC::LEADER_MONTEZUMA, CIVILIZATION_ETHIOPIA::LEADER_MENELIK, CIVILIZATION_KONGO::LEADER_MVEMBA, CIVILIZATION_PERSIA::LEADER_NADER_SHAH, CIVILIZATION_INCA::LEADER_PACHACUTI, CIVILIZATION_CREE::LEADER_POUNDMAKER, CIVILIZATION_BRAZIL::LEADER_PEDRO, CIVILIZATION_ZULU::LEADER_SHAKA, CIVILIZATION_CHINA::LEADER_QIN_ALT, CIVILIZATION_CHINA::LEADER_QIN, CIVILIZATION_PORTUGAL::LEADER_JOAO_III, CIVILIZATION_ARABIA::LEADER_SALADIN_ALT, CIVILIZATION_ARABIA::LEADER_SALADIN, CIVILIZATION_KOREA::LEADER_SEONDEOK, CIVILIZATION_KOREA::LEADER_SEJONG, CIVILIZATION_MALI::LEADER_SUNDIATA_KEITA, CIVILIZATION_OTTOMAN::LEADER_SULEIMAN_ALT, CIVILIZATION_OTTOMAN::LEADER_SULEIMAN, CIVILIZATION_GEORGIA::LEADER_TAMAR, CIVILIZATION_AMERICA::LEADER_T_ROOSEVELT, CIVILIZATION_INDONESIA::LEADER_GITARJA, CIVILIZATION_ROME::LEADER_TRAJAN, CIVILIZATION_SCYTHIA::LEADER_TOMYRIS, CIVILIZATION_CANADA::LEADER_LAURIER, CIVILIZATION_NETHERLANDS::LEADER_WILHELMINA, CIVILIZATION_NETHERLANDS::LEADER_WILHELMINA_INLAND, CIVILIZATION_ENGLAND::LEADER_VICTORIA, CIVILIZATION_ENGLAND::LEADER_VICTORIA_ALT, CIVILIZATION_CHINA::LEADER_WU_ZETIAN, CIVILIZATION_GRAN_COLOMBIA::LEADER_SIMON_BOLIVAR, CIVILIZATION_HUNGARY::LEADER_MATTHIAS_CORVINUS, CIVILIZATION_POLAND::LEADER_JADWIGA, CIVILIZATION_AMERICA::LEADER_ABRAHAM_LINCOLN, CIVILIZATION_MACEDON::LEADER_ALEXANDER, CIVILIZATION_ENGLAND::LEADER_ELIZABETH, CIVILIZATION_CHINA::LEADER_YONGLE, CIVILIZATION_AUSTRALIA::LEADER_JOHN_CURTIN, CIVILIZATION_INDIA::LEADER_CHANDRAGUPTA, CIVILIZATION_VIETNAM::LEADER_LADY_TRIEU, 
[2853889.582] Attempting to find a distinct civilization for the player
[2853889.583] Civilization already used: Player 2 - CIVILIZATION_INDIA
[2853889.583] Leader already used: Player 0 - LEADER_CYRUS
[2853889.583] Civilization already used: Player 0 - CIVILIZATION_PERSIA
[2853889.583] Leader already used: Player 2 - LEADER_CHANDRAGUPTA
[2853889.583] Player 4 is now using leader LEADER_MONTEZUMA.
[2853889.583] Resolving random leader for player 5
[2853889.583] Possible Values: CIVILIZATION_FRANCE::LEADER_ELEANOR_FRANCE, CIVILIZATION_ENGLAND::LEADER_ELEANOR_ENGLAND, CIVILIZATION_GAUL::LEADER_AMBIORIX, CIVILIZATION_BYZANTIUM::LEADER_BASIL, CIVILIZATION_JAPAN::LEADER_HOJO, CIVILIZATION_JAPAN::LEADER_HOJO_INLAND, CIVILIZATION_RUSSIA::LEADER_PETER_GREAT, CIVILIZATION_GREECE::LEADER_PERICLES, CIVILIZATION_MONGOLIA::LEADER_GENGHIS_KHAN, CIVILIZATION_JAPAN::LEADER_TOKUGAWA, CIVILIZATION_BYZANTIUM::LEADER_THEODORA, CIVILIZATION_PHOENICIA::LEADER_DIDO, CIVILIZATION_KONGO::LEADER_NZINGA_MBANDE, CIVILIZATION_SPAIN::LEADER_PHILIP_II, CIVILIZATION_SPAIN::LEADER_PHILIP_II_INLAND, CIVILIZATION_GERMANY::LEADER_BARBAROSSA, CIVILIZATION_INDIA::LEADER_GANDHI, CIVILIZATION_GREECE::LEADER_GORGO, CIVILIZATION_NORWAY::LEADER_HARDRADA, CIVILIZATION_NORWAY::LEADER_HARALD_ALT, CIVILIZATION_MONGOLIA::LEADER_KUBLAI_KHAN_MONGOLIA, CIVILIZATION_CHINA::LEADER_KUBLAI_KHAN_CHINA, CIVILIZATION_SUMERIA::LEADER_GILGAMESH, CIVILIZATION_PERSIA::LEADER_CYRUS, CIVILIZATION_FRANCE::LEADER_CATHERINE_DE_MEDICI, CIVILIZATION_FRANCE::LEADER_CATHERINE_DE_MEDICI_ALT, CIVILIZATION_SWEDEN::LEADER_KRISTINA, CIVILIZATION_EGYPT::LEADER_CLEOPATRA, CIVILIZATION_EGYPT::LEADER_CLEOPATRA_ALT, CIVILIZATION_MAORI::LEADER_KUPE, CIVILIZATION_EGYPT::LEADER_RAMSES, CIVILIZATION_MAPUCHE::LEADER_LAUTARO, CIVILIZATION_MAYA::LEADER_LADY_SIX_SKY, CIVILIZATION_GERMANY::LEADER_LUDWIG, CIVILIZATION_SCOTLAND::LEADER_ROBERT_THE_BRUCE, CIVILIZATION_MALI::LEADER_MANSA_MUSA, CIVILIZATION_AZTEC::LEADER_MONTEZUMA, CIVILIZATION_ETHIOPIA::LEADER_MENELIK, CIVILIZATION_KONGO::LEADER_MVEMBA, CIVILIZATION_PERSIA::LEADER_NADER_SHAH, CIVILIZATION_INCA::LEADER_PACHACUTI, CIVILIZATION_CREE::LEADER_POUNDMAKER, CIVILIZATION_BRAZIL::LEADER_PEDRO, CIVILIZATION_ZULU::LEADER_SHAKA, CIVILIZATION_CHINA::LEADER_QIN_ALT, CIVILIZATION_CHINA::LEADER_QIN, CIVILIZATION_PORTUGAL::LEADER_JOAO_III, CIVILIZATION_ARABIA::LEADER_SALADIN_ALT, CIVILIZATION_ARABIA::LEADER_SALADIN, CIVILIZATION_KOREA::LEADER_SEONDEOK, CIVILIZATION_KOREA::LEADER_SEJONG, CIVILIZATION_MALI::LEADER_SUNDIATA_KEITA, CIVILIZATION_OTTOMAN::LEADER_SULEIMAN_ALT, CIVILIZATION_OTTOMAN::LEADER_SULEIMAN, CIVILIZATION_GEORGIA::LEADER_TAMAR, CIVILIZATION_AMERICA::LEADER_T_ROOSEVELT, CIVILIZATION_INDONESIA::LEADER_GITARJA, CIVILIZATION_ROME::LEADER_TRAJAN, CIVILIZATION_SCYTHIA::LEADER_TOMYRIS, CIVILIZATION_CANADA::LEADER_LAURIER, CIVILIZATION_NETHERLANDS::LEADER_WILHELMINA, CIVILIZATION_NETHERLANDS::LEADER_WILHELMINA_INLAND, CIVILIZATION_ENGLAND::LEADER_VICTORIA, CIVILIZATION_ENGLAND::LEADER_VICTORIA_ALT, CIVILIZATION_CHINA::LEADER_WU_ZETIAN, CIVILIZATION_GRAN_COLOMBIA::LEADER_SIMON_BOLIVAR, CIVILIZATION_HUNGARY::LEADER_MATTHIAS_CORVINUS, CIVILIZATION_POLAND::LEADER_JADWIGA, CIVILIZATION_AMERICA::LEADER_ABRAHAM_LINCOLN, CIVILIZATION_MACEDON::LEADER_ALEXANDER, CIVILIZATION_ENGLAND::LEADER_ELIZABETH, CIVILIZATION_CHINA::LEADER_YONGLE, CIVILIZATION_AUSTRALIA::LEADER_JOHN_CURTIN, CIVILIZATION_INDIA::LEADER_CHANDRAGUPTA, CIVILIZATION_VIETNAM::LEADER_LADY_TRIEU, 
[2853889.583] Attempting to find a distinct civilization for the player
[2853889.583] Civilization already used: Player 2 - CIVILIZATION_INDIA
[2853889.583] Leader already used: Player 0 - LEADER_CYRUS
[2853889.583] Leader already used: Player 4 - LEADER_MONTEZUMA
[2853889.583] Civilization already used: Player 0 - CIVILIZATION_PERSIA
[2853889.583] Leader already used: Player 2 - LEADER_CHANDRAGUPTA
[2853889.584] Player 5 is now using leader LEADER_POUNDMAKER.
[2853889.584] Resolving random leader for player 6
[2853889.584] Possible Values: CIVILIZATION_FRANCE::LEADER_ELEANOR_FRANCE, CIVILIZATION_ENGLAND::LEADER_ELEANOR_ENGLAND, CIVILIZATION_GAUL::LEADER_AMBIORIX, CIVILIZATION_BYZANTIUM::LEADER_BASIL, CIVILIZATION_JAPAN::LEADER_HOJO, CIVILIZATION_JAPAN::LEADER_HOJO_INLAND, CIVILIZATION_RUSSIA::LEADER_PETER_GREAT, CIVILIZATION_GREECE::LEADER_PERICLES, CIVILIZATION_MONGOLIA::LEADER_GENGHIS_KHAN, CIVILIZATION_JAPAN::LEADER_TOKUGAWA, CIVILIZATION_BYZANTIUM::LEADER_THEODORA, CIVILIZATION_PHOENICIA::LEADER_DIDO, CIVILIZATION_KONGO::LEADER_NZINGA_MBANDE, CIVILIZATION_SPAIN::LEADER_PHILIP_II, CIVILIZATION_SPAIN::LEADER_PHILIP_II_INLAND, CIVILIZATION_GERMANY::LEADER_BARBAROSSA, CIVILIZATION_INDIA::LEADER_GANDHI, CIVILIZATION_GREECE::LEADER_GORGO, CIVILIZATION_NORWAY::LEADER_HARDRADA, CIVILIZATION_NORWAY::LEADER_HARALD_ALT, CIVILIZATION_MONGOLIA::LEADER_KUBLAI_KHAN_MONGOLIA, CIVILIZATION_CHINA::LEADER_KUBLAI_KHAN_CHINA, CIVILIZATION_SUMERIA::LEADER_GILGAMESH, CIVILIZATION_PERSIA::LEADER_CYRUS, CIVILIZATION_FRANCE::LEADER_CATHERINE_DE_MEDICI, CIVILIZATION_FRANCE::LEADER_CATHERINE_DE_MEDICI_ALT, CIVILIZATION_SWEDEN::LEADER_KRISTINA, CIVILIZATION_EGYPT::LEADER_CLEOPATRA, CIVILIZATION_EGYPT::LEADER_CLEOPATRA_ALT, CIVILIZATION_MAORI::LEADER_KUPE, CIVILIZATION_EGYPT::LEADER_RAMSES, CIVILIZATION_MAPUCHE::LEADER_LAUTARO, CIVILIZATION_MAYA::LEADER_LADY_SIX_SKY, CIVILIZATION_GERMANY::LEADER_LUDWIG, CIVILIZATION_SCOTLAND::LEADER_ROBERT_THE_BRUCE, CIVILIZATION_MALI::LEADER_MANSA_MUSA, CIVILIZATION_AZTEC::LEADER_MONTEZUMA, CIVILIZATION_ETHIOPIA::LEADER_MENELIK, CIVILIZATION_KONGO::LEADER_MVEMBA, CIVILIZATION_PERSIA::LEADER_NADER_SHAH, CIVILIZATION_INCA::LEADER_PACHACUTI, CIVILIZATION_CREE::LEADER_POUNDMAKER, CIVILIZATION_BRAZIL::LEADER_PEDRO, CIVILIZATION_ZULU::LEADER_SHAKA, CIVILIZATION_CHINA::LEADER_QIN_ALT, CIVILIZATION_CHINA::LEADER_QIN, CIVILIZATION_PORTUGAL::LEADER_JOAO_III, CIVILIZATION_ARABIA::LEADER_SALADIN_ALT, CIVILIZATION_ARABIA::LEADER_SALADIN, CIVILIZATION_KOREA::LEADER_SEONDEOK, CIVILIZATION_KOREA::LEADER_SEJONG, CIVILIZATION_MALI::LEADER_SUNDIATA_KEITA, CIVILIZATION_OTTOMAN::LEADER_SULEIMAN_ALT, CIVILIZATION_OTTOMAN::LEADER_SULEIMAN, CIVILIZATION_GEORGIA::LEADER_TAMAR, CIVILIZATION_AMERICA::LEADER_T_ROOSEVELT, CIVILIZATION_INDONESIA::LEADER_GITARJA, CIVILIZATION_ROME::LEADER_TRAJAN, CIVILIZATION_SCYTHIA::LEADER_TOMYRIS, CIVILIZATION_CANADA::LEADER_LAURIER, CIVILIZATION_NETHERLANDS::LEADER_WILHELMINA, CIVILIZATION_NETHERLANDS::LEADER_WILHELMINA_INLAND, CIVILIZATION_ENGLAND::LEADER_VICTORIA, CIVILIZATION_ENGLAND::LEADER_VICTORIA_ALT, CIVILIZATION_CHINA::LEADER_WU_ZETIAN, CIVILIZATION_GRAN_COLOMBIA::LEADER_SIMON_BOLIVAR, CIVILIZATION_HUNGARY::LEADER_MATTHIAS_CORVINUS, CIVILIZATION_POLAND::LEADER_JADWIGA, CIVILIZATION_AMERICA::LEADER_ABRAHAM_LINCOLN, CIVILIZATION_MACEDON::LEADER_ALEXANDER, CIVILIZATION_ENGLAND::LEADER_ELIZABETH, CIVILIZATION_CHINA::LEADER_YONGLE, CIVILIZATION_AUSTRALIA::LEADER_JOHN_CURTIN, CIVILIZATION_INDIA::LEADER_CHANDRAGUPTA, CIVILIZATION_VIETNAM::LEADER_LADY_TRIEU, 
[2853889.584] Attempting to find a distinct civilization for the player
[2853889.584] Civilization already used: Player 2 - CIVILIZATION_INDIA
[2853889.584] Leader already used: Player 0 - LEADER_CYRUS
[2853889.584] Leader already used: Player 4 - LEADER_MONTEZUMA
[2853889.584] Civilization already used: Player 0 - CIVILIZATION_PERSIA
[2853889.584] Leader already used: Player 5 - LEADER_POUNDMAKER
[2853889.584] Leader already used: Player 2 - LEADER_CHANDRAGUPTA
[2853889.584] Player 6 is now using leader LEADER_SUNDIATA_KEITA.
[2853889.584] Resolving random leader for player 7
[2853889.584] Possible Values: CIVILIZATION_FRANCE::LEADER_ELEANOR_FRANCE, CIVILIZATION_ENGLAND::LEADER_ELEANOR_ENGLAND, CIVILIZATION_GAUL::LEADER_AMBIORIX, CIVILIZATION_BYZANTIUM::LEADER_BASIL, CIVILIZATION_JAPAN::LEADER_HOJO, CIVILIZATION_JAPAN::LEADER_HOJO_INLAND, CIVILIZATION_RUSSIA::LEADER_PETER_GREAT, CIVILIZATION_GREECE::LEADER_PERICLES, CIVILIZATION_MONGOLIA::LEADER_GENGHIS_KHAN, CIVILIZATION_JAPAN::LEADER_TOKUGAWA, CIVILIZATION_BYZANTIUM::LEADER_THEODORA, CIVILIZATION_PHOENICIA::LEADER_DIDO, CIVILIZATION_KONGO::LEADER_NZINGA_MBANDE, CIVILIZATION_SPAIN::LEADER_PHILIP_II, CIVILIZATION_SPAIN::LEADER_PHILIP_II_INLAND, CIVILIZATION_GERMANY::LEADER_BARBAROSSA, CIVILIZATION_INDIA::LEADER_GANDHI, CIVILIZATION_GREECE::LEADER_GORGO, CIVILIZATION_NORWAY::LEADER_HARDRADA, CIVILIZATION_NORWAY::LEADER_HARALD_ALT, CIVILIZATION_MONGOLIA::LEADER_KUBLAI_KHAN_MONGOLIA, CIVILIZATION_CHINA::LEADER_KUBLAI_KHAN_CHINA, CIVILIZATION_SUMERIA::LEADER_GILGAMESH, CIVILIZATION_PERSIA::LEADER_CYRUS, CIVILIZATION_FRANCE::LEADER_CATHERINE_DE_MEDICI, CIVILIZATION_FRANCE::LEADER_CATHERINE_DE_MEDICI_ALT, CIVILIZATION_SWEDEN::LEADER_KRISTINA, CIVILIZATION_EGYPT::LEADER_CLEOPATRA, CIVILIZATION_EGYPT::LEADER_CLEOPATRA_ALT, CIVILIZATION_MAORI::LEADER_KUPE, CIVILIZATION_EGYPT::LEADER_RAMSES, CIVILIZATION_MAPUCHE::LEADER_LAUTARO, CIVILIZATION_MAYA::LEADER_LADY_SIX_SKY, CIVILIZATION_GERMANY::LEADER_LUDWIG, CIVILIZATION_SCOTLAND::LEADER_ROBERT_THE_BRUCE, CIVILIZATION_MALI::LEADER_MANSA_MUSA, CIVILIZATION_AZTEC::LEADER_MONTEZUMA, CIVILIZATION_ETHIOPIA::LEADER_MENELIK, CIVILIZATION_KONGO::LEADER_MVEMBA, CIVILIZATION_PERSIA::LEADER_NADER_SHAH, CIVILIZATION_INCA::LEADER_PACHACUTI, CIVILIZATION_CREE::LEADER_POUNDMAKER, CIVILIZATION_BRAZIL::LEADER_PEDRO, CIVILIZATION_ZULU::LEADER_SHAKA, CIVILIZATION_CHINA::LEADER_QIN_ALT, CIVILIZATION_CHINA::LEADER_QIN, CIVILIZATION_PORTUGAL::LEADER_JOAO_III, CIVILIZATION_ARABIA::LEADER_SALADIN_ALT, CIVILIZATION_ARABIA::LEADER_SALADIN, CIVILIZATION_KOREA::LEADER_SEONDEOK, CIVILIZATION_KOREA::LEADER_SEJONG, CIVILIZATION_MALI::LEADER_SUNDIATA_KEITA, CIVILIZATION_OTTOMAN::LEADER_SULEIMAN_ALT, CIVILIZATION_OTTOMAN::LEADER_SULEIMAN, CIVILIZATION_GEORGIA::LEADER_TAMAR, CIVILIZATION_AMERICA::LEADER_T_ROOSEVELT, CIVILIZATION_INDONESIA::LEADER_GITARJA, CIVILIZATION_ROME::LEADER_TRAJAN, CIVILIZATION_SCYTHIA::LEADER_TOMYRIS, CIVILIZATION_CANADA::LEADER_LAURIER, CIVILIZATION_NETHERLANDS::LEADER_WILHELMINA, CIVILIZATION_NETHERLANDS::LEADER_WILHELMINA_INLAND, CIVILIZATION_ENGLAND::LEADER_VICTORIA, CIVILIZATION_ENGLAND::LEADER_VICTORIA_ALT, CIVILIZATION_CHINA::LEADER_WU_ZETIAN, CIVILIZATION_GRAN_COLOMBIA::LEADER_SIMON_BOLIVAR, CIVILIZATION_HUNGARY::LEADER_MATTHIAS_CORVINUS, CIVILIZATION_POLAND::LEADER_JADWIGA, CIVILIZATION_AMERICA::LEADER_ABRAHAM_LINCOLN, CIVILIZATION_MACEDON::LEADER_ALEXANDER, CIVILIZATION_ENGLAND::LEADER_ELIZABETH, CIVILIZATION_CHINA::LEADER_YONGLE, CIVILIZATION_AUSTRALIA::LEADER_JOHN_CURTIN, CIVILIZATION_INDIA::LEADER_CHANDRAGUPTA, CIVILIZATION_VIETNAM::LEADER_LADY_TRIEU, 
[2853889.584] Attempting to find a distinct civilization for the player
[2853889.584] Civilization already used: Player 2 - CIVILIZATION_INDIA
[2853889.584] Leader already used: Player 0 - LEADER_CYRUS
[2853889.584] Civilization already used: Player 6 - CIVILIZATION_MALI
[2853889.584] Leader already used: Player 4 - LEADER_MONTEZUMA
[2853889.584] Civilization already used: Player 0 - CIVILIZATION_PERSIA
[2853889.584] Leader already used: Player 5 - LEADER_POUNDMAKER
[2853889.584] Leader already used: Player 6 - LEADER_SUNDIATA_KEITA
[2853889.584] Leader already used: Player 2 - LEADER_CHANDRAGUPTA
[2853889.584] Player 7 is now using leader LEADER_KUBLAI_KHAN_MONGOLIA.
[2853889.584] Success!
[2853889.584] New Civ/Leader State:
[2853889.584] Player 0: Civilization - CIVILIZATION_PERSIA (-1634075386)  Leader - LEADER_CYRUS (1064695772), - Level - CIVILIZATION_LEVEL_FULL_CIV, SlotStatus - Human
[2853889.584] Player 1: Civilization - CIVILIZATION_BABYLON_STK (1770109778)  Leader - LEADER_HAMMURABI (963386021), - Level - CIVILIZATION_LEVEL_FULL_CIV, SlotStatus - Human
[2853889.584] Player 2: Civilization - CIVILIZATION_INDIA (-507217249)  Leader - LEADER_CHANDRAGUPTA (-746938402), - Level - CIVILIZATION_LEVEL_FULL_CIV, SlotStatus - Human
[2853889.584] Player 3: Civilization - CIVILIZATION_NUBIA (-797898077)  Leader - LEADER_AMANITORE (1254487876), - Level - CIVILIZATION_LEVEL_FULL_CIV, SlotStatus - Human
[2853889.584] Player 4: Civilization - CIVILIZATION_AZTEC (1347583174)  Leader - LEADER_MONTEZUMA (1148724266), - Level - CIVILIZATION_LEVEL_FULL_CIV, SlotStatus - AI
[2853889.584] Player 5: Civilization - CIVILIZATION_CREE (-1597095920)  Leader - LEADER_POUNDMAKER (-927759162), - Level - CIVILIZATION_LEVEL_FULL_CIV, SlotStatus - AI
[2853889.584] Player 6: Civilization - CIVILIZATION_MALI (-2046435992)  Leader - LEADER_SUNDIATA_KEITA (-1031767405), - Level - CIVILIZATION_LEVEL_FULL_CIV, SlotStatus - AI
[2853889.584] Player 7: Civilization - CIVILIZATION_MONGOLIA (977237613)  Leader - LEADER_KUBLAI_KHAN_MONGOLIA (-769411344), - Level - CIVILIZATION_LEVEL_FULL_CIV, SlotStatus - AI
[2853889.585] Resolving Random City States for Game.
[2853889.585] Adding 10 City-States to the game.
[2853890.123] Initializing player from config:
[2853890.123] Player 0: Civilization - CIVILIZATION_PERSIA (-1634075386)  Leader - LEADER_CYRUS (1064695772), - Level - CIVILIZATION_LEVEL_FULL_CIV, SlotStatus - Human
[2853890.123] Player 1: Civilization - CIVILIZATION_BABYLON_STK (1770109778)  Leader - LEADER_HAMMURABI (963386021), - Level - CIVILIZATION_LEVEL_FULL_CIV, SlotStatus - Human
[2853890.123] Player 2: Civilization - CIVILIZATION_INDIA (-507217249)  Leader - LEADER_CHANDRAGUPTA (-746938402), - Level - CIVILIZATION_LEVEL_FULL_CIV, SlotStatus - Human
[2853890.123] Player 3: Civilization - CIVILIZATION_NUBIA (-797898077)  Leader - LEADER_AMANITORE (1254487876), - Level - CIVILIZATION_LEVEL_FULL_CIV, SlotStatus - Human
[2853890.123] Player 4: Civilization - CIVILIZATION_AZTEC (1347583174)  Leader - LEADER_MONTEZUMA (1148724266), - Level - CIVILIZATION_LEVEL_FULL_CIV, SlotStatus - AI
[2853890.123] Player 5: Civilization - CIVILIZATION_CREE (-1597095920)  Leader - LEADER_POUNDMAKER (-927759162), - Level - CIVILIZATION_LEVEL_FULL_CIV, SlotStatus - AI
[2853890.123] Player 6: Civilization - CIVILIZATION_MALI (-2046435992)  Leader - LEADER_SUNDIATA_KEITA (-1031767405), - Level - CIVILIZATION_LEVEL_FULL_CIV, SlotStatus - AI
[2853890.123] Player 7: Civilization - CIVILIZATION_MONGOLIA (977237613)  Leader - LEADER_KUBLAI_KHAN_MONGOLIA (-769411344), - Level - CIVILIZATION_LEVEL_FULL_CIV, SlotStatus - AI
[2853890.123] Player 8: Civilization - CIVILIZATION_KABUL (1596744955)  Leader - LEADER_MINOR_CIV_KABUL (1824562388), - Level - CIVILIZATION_LEVEL_CITY_STATE, SlotStatus - AI
[2853890.123] Player 9: Civilization - CIVILIZATION_NAN_MADOL (-1860127671)  Leader - LEADER_MINOR_CIV_NAN_MADOL (-1614940993), - Level - CIVILIZATION_LEVEL_CITY_STATE, SlotStatus - AI
[2853890.123] Player 10: Civilization - CIVILIZATION_SAMARKAND (1486746550)  Leader - LEADER_MINOR_CIV_SAMARKAND (1442886464), - Level - CIVILIZATION_LEVEL_CITY_STATE, SlotStatus - AI
[2853890.123] Player 11: Civilization - CIVILIZATION_GENEVA (1333065310)  Leader - LEADER_MINOR_CIV_GENEVA (-459921409), - Level - CIVILIZATION_LEVEL_CITY_STATE, SlotStatus - AI
[2853890.123] Player 12: Civilization - CIVILIZATION_CAGUANA (560038866)  Leader - LEADER_MINOR_CIV_CAGUANA (-2145652099), - Level - CIVILIZATION_LEVEL_CITY_STATE, SlotStatus - AI
[2853890.123] Player 13: Civilization - CIVILIZATION_LAHORE (-1680966838)  Leader - LEADER_MINOR_CIV_LAHORE (808233707), - Level - CIVILIZATION_LEVEL_CITY_STATE, SlotStatus - AI
[2853890.123] Player 14: Civilization - CIVILIZATION_CHINGUETTI (-1936776523)  Leader - LEADER_MINOR_CIV_CHINGUETTI (-664803108), - Level - CIVILIZATION_LEVEL_CITY_STATE, SlotStatus - AI
[2853890.123] Player 15: Civilization - CIVILIZATION_HATTUSA (1490631343)  Leader - LEADER_MINOR_CIV_HATTUSA (-106738944), - Level - CIVILIZATION_LEVEL_CITY_STATE, SlotStatus - AI
[2853890.123] Player 16: Civilization - CIVILIZATION_BUENOS_AIRES (-549593626)  Leader - LEADER_MINOR_CIV_BUENOS_AIRES (280195702), - Level - CIVILIZATION_LEVEL_CITY_STATE, SlotStatus - AI
[2853890.123] Player 17: Civilization - CIVILIZATION_MEXICO_CITY (-439851208)  Leader - LEADER_MINOR_CIV_MEXICO_CITY (-772641266), - Level - CIVILIZATION_LEVEL_CITY_STATE, SlotStatus - AI
[2853890.123] Player 62: Civilization - CIVILIZATION_FREE_CITIES (1332034383)  Leader - LEADER_FREE_CITIES (-1907075578), - Level - CIVILIZATION_LEVEL_FREE_CITIES, SlotStatus - AI
[2853890.123] Player 63: Civilization - CIVILIZATION_BARBARIAN (-1758762461)  Leader - (null) (0), - Level - CIVILIZATION_LEVEL_TRIBE, SlotStatus - AI
[2853890.487] Pathfinder Allocation, rows 76, columns 76, column buffer 608, row buffer 6688, total 508288
[2853890.487] Pathfinder Allocation, rows 76, columns 76, column buffer 608, row buffer 6688, total 508288
[2853890.487] Pathfinder Allocation, rows 76, columns 76, column buffer 608, row buffer 6688, total 508288
[2853890.487] Pathfinder Allocation, rows 76, columns 76, column buffer 608, row buffer 6688, total 508288
[2853890.488] Pathfinder Allocation, rows 76, columns 76, column buffer 608, row buffer 6688, total 508288
[2853890.488] Pathfinder Allocation, rows 76, columns 76, column buffer 608, row buffer 6688, total 508288
[2853890.488] Pathfinder Allocation, rows 76, columns 76, column buffer 608, row buffer 6688, total 508288
[2853890.488] Pathfinder Allocation, rows 76, columns 76, column buffer 608, row buffer 6688, total 508288
[2853890.488] Pathfinder Allocation, rows 76, columns 76, column buffer 608, row buffer 6688, total 508288
[2853902.674] Common Class Sizes:
[2853902.674] Unit::Instance, size = 3368
[2853902.674] Unit::GreatPerson, size = 24
[2853902.674] Unit::Archaeology, size = 48
[2853902.674] Unit::Espionage, size = 136
[2853902.674] Unit::Experience, size = 80
[2853902.674] Unit::Trade, size = 48
[2853902.674] Unit::Religion, size = 96
[2853902.674] Unit::RockBand, size = 208
[2853902.674] Unit::HealthModifiers, size = 16
[2853902.675] Unit::HealthReligionModifiers, size = 16
[2853902.675] Unit::CombatModifiers, size = 132
[2853902.675] Unit::MovementModifiers, size = 28
[2853902.675] Unit::SightModifiers, size = 8
[2853902.675] Unit::AttackRangeModifiers, size = 4
[2853902.675] Cache::Unit::Instance, size = 496
[2853902.675] Player::Instance, size = 2128
[2853902.675] Map::Plot::Instance, size = 80
[2853902.675] Cache::Map::Plot::Instance, size = 96
[2853902.675] Player::Trade, size = 2144
[2853902.675] Player::Techs, size = 488
[2853902.675] Player::Stats, size = 3648
[2853902.675] Player::Treasury, size = 472
[2853902.675] Trade::Vertex, size = 12
[2853902.675] Trade::Edge, size = 528
[2853902.675] Trade::Route, size = 112
[2853902.675] Trade::Graph, size = 344
[2854926.229] Resolving Random Leaders for Game.
[2854926.229] Current Civ/Leader State:
[2854926.229] Player 0: Civilization - CIVILIZATION_EGYPT (-1155553852)  Leader - LEADER_CLEOPATRA_ALT (1443235924), - Level - CIVILIZATION_LEVEL_FULL_CIV, SlotStatus - Human
[2854926.229] Player 1: Civilization - CIVILIZATION_BABYLON_STK (1770109778)  Leader - LEADER_HAMMURABI (963386021), - Level - CIVILIZATION_LEVEL_FULL_CIV, SlotStatus - Human
[2854926.229] Player 2: Civilization - CIVILIZATION_INDIA (-507217249)  Leader - LEADER_CHANDRAGUPTA (-746938402), - Level - CIVILIZATION_LEVEL_FULL_CIV, SlotStatus - Human
[2854926.229] Player 3: Civilization - CIVILIZATION_MALI (-2046435992)  Leader - LEADER_MANSA_MUSA (2069632485), - Level - CIVILIZATION_LEVEL_FULL_CIV, SlotStatus - Human
[2854926.229] Player 4: Civilization - CIVILIZATION_NUBIA (-797898077)  Leader - LEADER_AMANITORE (1254487876), - Level - CIVILIZATION_LEVEL_FULL_CIV, SlotStatus - Human
[2854926.229] Player 5: Civilization - (null) (0)  Leader - (null) (-1), - Level - CIVILIZATION_LEVEL_FULL_CIV, SlotStatus - AI
[2854926.229] Player 6: Civilization - (null) (0)  Leader - (null) (-1), - Level - CIVILIZATION_LEVEL_FULL_CIV, SlotStatus - AI
[2854926.229] Player 7: Civilization - (null) (0)  Leader - (null) (-1), - Level - CIVILIZATION_LEVEL_FULL_CIV, SlotStatus - AI
[2854926.229] Player 8: Civilization - (null) (0)  Leader - (null) (-1), - Level - CIVILIZATION_LEVEL_FULL_CIV, SlotStatus - AI
[2854926.229] Player 9: Civilization - (null) (0)  Leader - (null) (-1), - Level - CIVILIZATION_LEVEL_FULL_CIV, SlotStatus - AI
[2854926.229] Resolving random leader for player 0
[2854926.229] Player already has a leader selected, skipping!
[2854926.229] Resolving random leader for player 1
[2854926.229] Player already has a leader selected, skipping!
[2854926.229] Resolving random leader for player 2
[2854926.229] Player already has a leader selected, skipping!
[2854926.229] Resolving random leader for player 3
[2854926.229] Player already has a leader selected, skipping!
[2854926.229] Resolving random leader for player 4
[2854926.229] Player already has a leader selected, skipping!
[2854926.229] Resolving random leader for player 5
[2854926.229] Possible Values: CIVILIZATION_FRANCE::LEADER_ELEANOR_FRANCE, CIVILIZATION_ENGLAND::LEADER_ELEANOR_ENGLAND, CIVILIZATION_GAUL::LEADER_AMBIORIX, CIVILIZATION_BYZANTIUM::LEADER_BASIL, CIVILIZATION_JAPAN::LEADER_HOJO, CIVILIZATION_JAPAN::LEADER_HOJO_INLAND, CIVILIZATION_RUSSIA::LEADER_PETER_GREAT, CIVILIZATION_GREECE::LEADER_PERICLES, CIVILIZATION_MONGOLIA::LEADER_GENGHIS_KHAN, CIVILIZATION_JAPAN::LEADER_TOKUGAWA, CIVILIZATION_BYZANTIUM::LEADER_THEODORA, CIVILIZATION_PHOENICIA::LEADER_DIDO, CIVILIZATION_KHMER::LEADER_JAYAVARMAN, CIVILIZATION_KONGO::LEADER_NZINGA_MBANDE, CIVILIZATION_SPAIN::LEADER_PHILIP_II, CIVILIZATION_SPAIN::LEADER_PHILIP_II_INLAND, CIVILIZATION_GERMANY::LEADER_BARBAROSSA, CIVILIZATION_GREECE::LEADER_GORGO, CIVILIZATION_NORWAY::LEADER_HARDRADA, CIVILIZATION_NORWAY::LEADER_HARALD_ALT, CIVILIZATION_MONGOLIA::LEADER_KUBLAI_KHAN_MONGOLIA, CIVILIZATION_CHINA::LEADER_KUBLAI_KHAN_CHINA, CIVILIZATION_SUMERIA::LEADER_GILGAMESH, CIVILIZATION_PERSIA::LEADER_CYRUS, CIVILIZATION_FRANCE::LEADER_CATHERINE_DE_MEDICI, CIVILIZATION_FRANCE::LEADER_CATHERINE_DE_MEDICI_ALT, CIVILIZATION_SWEDEN::LEADER_KRISTINA, CIVILIZATION_EGYPT::LEADER_CLEOPATRA, CIVILIZATION_EGYPT::LEADER_CLEOPATRA_ALT, CIVILIZATION_MAORI::LEADER_KUPE, CIVILIZATION_EGYPT::LEADER_RAMSES, CIVILIZATION_MAPUCHE::LEADER_LAUTARO, CIVILIZATION_MAYA::LEADER_LADY_SIX_SKY, CIVILIZATION_GERMANY::LEADER_LUDWIG, CIVILIZATION_SCOTLAND::LEADER_ROBERT_THE_BRUCE, CIVILIZATION_AZTEC::LEADER_MONTEZUMA, CIVILIZATION_ETHIOPIA::LEADER_MENELIK, CIVILIZATION_KONGO::LEADER_MVEMBA, CIVILIZATION_PERSIA::LEADER_NADER_SHAH, CIVILIZATION_INCA::LEADER_PACHACUTI, CIVILIZATION_CREE::LEADER_POUNDMAKER, CIVILIZATION_BRAZIL::LEADER_PEDRO, CIVILIZATION_ZULU::LEADER_SHAKA, CIVILIZATION_CHINA::LEADER_QIN_ALT, CIVILIZATION_CHINA::LEADER_QIN, CIVILIZATION_PORTUGAL::LEADER_JOAO_III, CIVILIZATION_ARABIA::LEADER_SALADIN_ALT, CIVILIZATION_ARABIA::LEADER_SALADIN, CIVILIZATION_KOREA::LEADER_SEONDEOK, CIVILIZATION_KOREA::LEADER_SEJONG, CIVILIZATION_OTTOMAN::LEADER_SULEIMAN_ALT, CIVILIZATION_OTTOMAN::LEADER_SULEIMAN, CIVILIZATION_GEORGIA::LEADER_TAMAR, CIVILIZATION_AMERICA::LEADER_T_ROOSEVELT, CIVILIZATION_INDONESIA::LEADER_GITARJA, CIVILIZATION_ROME::LEADER_TRAJAN, CIVILIZATION_SCYTHIA::LEADER_TOMYRIS, CIVILIZATION_CANADA::LEADER_LAURIER, CIVILIZATION_NETHERLANDS::LEADER_WILHELMINA, CIVILIZATION_NETHERLANDS::LEADER_WILHELMINA_INLAND, CIVILIZATION_ENGLAND::LEADER_VICTORIA, CIVILIZATION_ENGLAND::LEADER_VICTORIA_ALT, CIVILIZATION_CHINA::LEADER_WU_ZETIAN, CIVILIZATION_GRAN_COLOMBIA::LEADER_SIMON_BOLIVAR, CIVILIZATION_HUNGARY::LEADER_MATTHIAS_CORVINUS, CIVILIZATION_POLAND::LEADER_JADWIGA, CIVILIZATION_AMERICA::LEADER_ABRAHAM_LINCOLN, CIVILIZATION_MACEDON::LEADER_ALEXANDER, CIVILIZATION_ENGLAND::LEADER_ELIZABETH, CIVILIZATION_CHINA::LEADER_YONGLE, CIVILIZATION_AUSTRALIA::LEADER_JOHN_CURTIN, CIVILIZATION_VIETNAM::LEADER_LADY_TRIEU, 
[2854926.229] Attempting to find a distinct civilization for the player
[2854926.229] Leader already used: Player 0 - LEADER_CLEOPATRA_ALT (alias for LEADER_CLEOPATRA)
[2854926.229] Leader already used: Player 0 - LEADER_CLEOPATRA_ALT
[2854926.229] Civilization already used: Player 0 - CIVILIZATION_EGYPT
[2854926.229] Player 5 is now using leader LEADER_ALEXANDER.
[2854926.229] Resolving random leader for player 6
[2854926.229] Possible Values: CIVILIZATION_FRANCE::LEADER_ELEANOR_FRANCE, CIVILIZATION_ENGLAND::LEADER_ELEANOR_ENGLAND, CIVILIZATION_GAUL::LEADER_AMBIORIX, CIVILIZATION_BYZANTIUM::LEADER_BASIL, CIVILIZATION_JAPAN::LEADER_HOJO, CIVILIZATION_JAPAN::LEADER_HOJO_INLAND, CIVILIZATION_RUSSIA::LEADER_PETER_GREAT, CIVILIZATION_GREECE::LEADER_PERICLES, CIVILIZATION_MONGOLIA::LEADER_GENGHIS_KHAN, CIVILIZATION_JAPAN::LEADER_TOKUGAWA, CIVILIZATION_BYZANTIUM::LEADER_THEODORA, CIVILIZATION_PHOENICIA::LEADER_DIDO, CIVILIZATION_KHMER::LEADER_JAYAVARMAN, CIVILIZATION_KONGO::LEADER_NZINGA_MBANDE, CIVILIZATION_SPAIN::LEADER_PHILIP_II, CIVILIZATION_SPAIN::LEADER_PHILIP_II_INLAND, CIVILIZATION_GERMANY::LEADER_BARBAROSSA, CIVILIZATION_GREECE::LEADER_GORGO, CIVILIZATION_NORWAY::LEADER_HARDRADA, CIVILIZATION_NORWAY::LEADER_HARALD_ALT, CIVILIZATION_MONGOLIA::LEADER_KUBLAI_KHAN_MONGOLIA, CIVILIZATION_CHINA::LEADER_KUBLAI_KHAN_CHINA, CIVILIZATION_SUMERIA::LEADER_GILGAMESH, CIVILIZATION_PERSIA::LEADER_CYRUS, CIVILIZATION_FRANCE::LEADER_CATHERINE_DE_MEDICI, CIVILIZATION_FRANCE::LEADER_CATHERINE_DE_MEDICI_ALT, CIVILIZATION_SWEDEN::LEADER_KRISTINA, CIVILIZATION_EGYPT::LEADER_CLEOPATRA, CIVILIZATION_EGYPT::LEADER_CLEOPATRA_ALT, CIVILIZATION_MAORI::LEADER_KUPE, CIVILIZATION_EGYPT::LEADER_RAMSES, CIVILIZATION_MAPUCHE::LEADER_LAUTARO, CIVILIZATION_MAYA::LEADER_LADY_SIX_SKY, CIVILIZATION_GERMANY::LEADER_LUDWIG, CIVILIZATION_SCOTLAND::LEADER_ROBERT_THE_BRUCE, CIVILIZATION_AZTEC::LEADER_MONTEZUMA, CIVILIZATION_ETHIOPIA::LEADER_MENELIK, CIVILIZATION_KONGO::LEADER_MVEMBA, CIVILIZATION_PERSIA::LEADER_NADER_SHAH, CIVILIZATION_INCA::LEADER_PACHACUTI, CIVILIZATION_CREE::LEADER_POUNDMAKER, CIVILIZATION_BRAZIL::LEADER_PEDRO, CIVILIZATION_ZULU::LEADER_SHAKA, CIVILIZATION_CHINA::LEADER_QIN_ALT, CIVILIZATION_CHINA::LEADER_QIN, CIVILIZATION_PORTUGAL::LEADER_JOAO_III, CIVILIZATION_ARABIA::LEADER_SALADIN_ALT, CIVILIZATION_ARABIA::LEADER_SALADIN, CIVILIZATION_KOREA::LEADER_SEONDEOK, CIVILIZATION_KOREA::LEADER_SEJONG, CIVILIZATION_OTTOMAN::LEADER_SULEIMAN_ALT, CIVILIZATION_OTTOMAN::LEADER_SULEIMAN, CIVILIZATION_GEORGIA::LEADER_TAMAR, CIVILIZATION_AMERICA::LEADER_T_ROOSEVELT, CIVILIZATION_INDONESIA::LEADER_GITARJA, CIVILIZATION_ROME::LEADER_TRAJAN, CIVILIZATION_SCYTHIA::LEADER_TOMYRIS, CIVILIZATION_CANADA::LEADER_LAURIER, CIVILIZATION_NETHERLANDS::LEADER_WILHELMINA, CIVILIZATION_NETHERLANDS::LEADER_WILHELMINA_INLAND, CIVILIZATION_ENGLAND::LEADER_VICTORIA, CIVILIZATION_ENGLAND::LEADER_VICTORIA_ALT, CIVILIZATION_CHINA::LEADER_WU_ZETIAN, CIVILIZATION_GRAN_COLOMBIA::LEADER_SIMON_BOLIVAR, CIVILIZATION_HUNGARY::LEADER_MATTHIAS_CORVINUS, CIVILIZATION_POLAND::LEADER_JADWIGA, CIVILIZATION_AMERICA::LEADER_ABRAHAM_LINCOLN, CIVILIZATION_MACEDON::LEADER_ALEXANDER, CIVILIZATION_ENGLAND::LEADER_ELIZABETH, CIVILIZATION_CHINA::LEADER_YONGLE, CIVILIZATION_AUSTRALIA::LEADER_JOHN_CURTIN, CIVILIZATION_VIETNAM::LEADER_LADY_TRIEU, 
[2854926.229] Attempting to find a distinct civilization for the player
[2854926.229] Leader already used: Player 0 - LEADER_CLEOPATRA_ALT (alias for LEADER_CLEOPATRA)
[2854926.229] Leader already used: Player 0 - LEADER_CLEOPATRA_ALT
[2854926.229] Civilization already used: Player 0 - CIVILIZATION_EGYPT
[2854926.230] Leader already used: Player 5 - LEADER_ALEXANDER
[2854926.230] Player 6 is now using leader LEADER_PEDRO.
[2854926.230] Resolving random leader for player 7
[2854926.230] Possible Values: CIVILIZATION_FRANCE::LEADER_ELEANOR_FRANCE, CIVILIZATION_ENGLAND::LEADER_ELEANOR_ENGLAND, CIVILIZATION_GAUL::LEADER_AMBIORIX, CIVILIZATION_BYZANTIUM::LEADER_BASIL, CIVILIZATION_JAPAN::LEADER_HOJO, CIVILIZATION_JAPAN::LEADER_HOJO_INLAND, CIVILIZATION_RUSSIA::LEADER_PETER_GREAT, CIVILIZATION_GREECE::LEADER_PERICLES, CIVILIZATION_MONGOLIA::LEADER_GENGHIS_KHAN, CIVILIZATION_JAPAN::LEADER_TOKUGAWA, CIVILIZATION_BYZANTIUM::LEADER_THEODORA, CIVILIZATION_PHOENICIA::LEADER_DIDO, CIVILIZATION_KHMER::LEADER_JAYAVARMAN, CIVILIZATION_KONGO::LEADER_NZINGA_MBANDE, CIVILIZATION_SPAIN::LEADER_PHILIP_II, CIVILIZATION_SPAIN::LEADER_PHILIP_II_INLAND, CIVILIZATION_GERMANY::LEADER_BARBAROSSA, CIVILIZATION_GREECE::LEADER_GORGO, CIVILIZATION_NORWAY::LEADER_HARDRADA, CIVILIZATION_NORWAY::LEADER_HARALD_ALT, CIVILIZATION_MONGOLIA::LEADER_KUBLAI_KHAN_MONGOLIA, CIVILIZATION_CHINA::LEADER_KUBLAI_KHAN_CHINA, CIVILIZATION_SUMERIA::LEADER_GILGAMESH, CIVILIZATION_PERSIA::LEADER_CYRUS, CIVILIZATION_FRANCE::LEADER_CATHERINE_DE_MEDICI, CIVILIZATION_FRANCE::LEADER_CATHERINE_DE_MEDICI_ALT, CIVILIZATION_SWEDEN::LEADER_KRISTINA, CIVILIZATION_EGYPT::LEADER_CLEOPATRA, CIVILIZATION_EGYPT::LEADER_CLEOPATRA_ALT, CIVILIZATION_MAORI::LEADER_KUPE, CIVILIZATION_EGYPT::LEADER_RAMSES, CIVILIZATION_MAPUCHE::LEADER_LAUTARO, CIVILIZATION_MAYA::LEADER_LADY_SIX_SKY, CIVILIZATION_GERMANY::LEADER_LUDWIG, CIVILIZATION_SCOTLAND::LEADER_ROBERT_THE_BRUCE, CIVILIZATION_AZTEC::LEADER_MONTEZUMA, CIVILIZATION_ETHIOPIA::LEADER_MENELIK, CIVILIZATION_KONGO::LEADER_MVEMBA, CIVILIZATION_PERSIA::LEADER_NADER_SHAH, CIVILIZATION_INCA::LEADER_PACHACUTI, CIVILIZATION_CREE::LEADER_POUNDMAKER, CIVILIZATION_BRAZIL::LEADER_PEDRO, CIVILIZATION_ZULU::LEADER_SHAKA, CIVILIZATION_CHINA::LEADER_QIN_ALT, CIVILIZATION_CHINA::LEADER_QIN, CIVILIZATION_PORTUGAL::LEADER_JOAO_III, CIVILIZATION_ARABIA::LEADER_SALADIN_ALT, CIVILIZATION_ARABIA::LEADER_SALADIN, CIVILIZATION_KOREA::LEADER_SEONDEOK, CIVILIZATION_KOREA::LEADER_SEJONG, CIVILIZATION_OTTOMAN::LEADER_SULEIMAN_ALT, CIVILIZATION_OTTOMAN::LEADER_SULEIMAN, CIVILIZATION_GEORGIA::LEADER_TAMAR, CIVILIZATION_AMERICA::LEADER_T_ROOSEVELT, CIVILIZATION_INDONESIA::LEADER_GITARJA, CIVILIZATION_ROME::LEADER_TRAJAN, CIVILIZATION_SCYTHIA::LEADER_TOMYRIS, CIVILIZATION_CANADA::LEADER_LAURIER, CIVILIZATION_NETHERLANDS::LEADER_WILHELMINA, CIVILIZATION_NETHERLANDS::LEADER_WILHELMINA_INLAND, CIVILIZATION_ENGLAND::LEADER_VICTORIA, CIVILIZATION_ENGLAND::LEADER_VICTORIA_ALT, CIVILIZATION_CHINA::LEADER_WU_ZETIAN, CIVILIZATION_GRAN_COLOMBIA::LEADER_SIMON_BOLIVAR, CIVILIZATION_HUNGARY::LEADER_MATTHIAS_CORVINUS, CIVILIZATION_POLAND::LEADER_JADWIGA, CIVILIZATION_AMERICA::LEADER_ABRAHAM_LINCOLN, CIVILIZATION_MACEDON::LEADER_ALEXANDER, CIVILIZATION_ENGLAND::LEADER_ELIZABETH, CIVILIZATION_CHINA::LEADER_YONGLE, CIVILIZATION_AUSTRALIA::LEADER_JOHN_CURTIN, CIVILIZATION_VIETNAM::LEADER_LADY_TRIEU, 
[2854926.230] Attempting to find a distinct civilization for the player
[2854926.230] Leader already used: Player 0 - LEADER_CLEOPATRA_ALT (alias for LEADER_CLEOPATRA)
[2854926.230] Leader already used: Player 0 - LEADER_CLEOPATRA_ALT
[2854926.230] Civilization already used: Player 0 - CIVILIZATION_EGYPT
[2854926.230] Leader already used: Player 6 - LEADER_PEDRO
[2854926.230] Leader already used: Player 5 - LEADER_ALEXANDER
[2854926.230] Player 7 is now using leader LEADER_BARBAROSSA.
[2854926.230] Resolving random leader for player 8
[2854926.231] Possible Values: CIVILIZATION_FRANCE::LEADER_ELEANOR_FRANCE, CIVILIZATION_ENGLAND::LEADER_ELEANOR_ENGLAND, CIVILIZATION_GAUL::LEADER_AMBIORIX, CIVILIZATION_BYZANTIUM::LEADER_BASIL, CIVILIZATION_JAPAN::LEADER_HOJO, CIVILIZATION_JAPAN::LEADER_HOJO_INLAND, CIVILIZATION_RUSSIA::LEADER_PETER_GREAT, CIVILIZATION_GREECE::LEADER_PERICLES, CIVILIZATION_MONGOLIA::LEADER_GENGHIS_KHAN, CIVILIZATION_JAPAN::LEADER_TOKUGAWA, CIVILIZATION_BYZANTIUM::LEADER_THEODORA, CIVILIZATION_PHOENICIA::LEADER_DIDO, CIVILIZATION_KHMER::LEADER_JAYAVARMAN, CIVILIZATION_KONGO::LEADER_NZINGA_MBANDE, CIVILIZATION_SPAIN::LEADER_PHILIP_II, CIVILIZATION_SPAIN::LEADER_PHILIP_II_INLAND, CIVILIZATION_GERMANY::LEADER_BARBAROSSA, CIVILIZATION_GREECE::LEADER_GORGO, CIVILIZATION_NORWAY::LEADER_HARDRADA, CIVILIZATION_NORWAY::LEADER_HARALD_ALT, CIVILIZATION_MONGOLIA::LEADER_KUBLAI_KHAN_MONGOLIA, CIVILIZATION_CHINA::LEADER_KUBLAI_KHAN_CHINA, CIVILIZATION_SUMERIA::LEADER_GILGAMESH, CIVILIZATION_PERSIA::LEADER_CYRUS, CIVILIZATION_FRANCE::LEADER_CATHERINE_DE_MEDICI, CIVILIZATION_FRANCE::LEADER_CATHERINE_DE_MEDICI_ALT, CIVILIZATION_SWEDEN::LEADER_KRISTINA, CIVILIZATION_EGYPT::LEADER_CLEOPATRA, CIVILIZATION_EGYPT::LEADER_CLEOPATRA_ALT, CIVILIZATION_MAORI::LEADER_KUPE, CIVILIZATION_EGYPT::LEADER_RAMSES, CIVILIZATION_MAPUCHE::LEADER_LAUTARO, CIVILIZATION_MAYA::LEADER_LADY_SIX_SKY, CIVILIZATION_GERMANY::LEADER_LUDWIG, CIVILIZATION_SCOTLAND::LEADER_ROBERT_THE_BRUCE, CIVILIZATION_AZTEC::LEADER_MONTEZUMA, CIVILIZATION_ETHIOPIA::LEADER_MENELIK, CIVILIZATION_KONGO::LEADER_MVEMBA, CIVILIZATION_PERSIA::LEADER_NADER_SHAH, CIVILIZATION_INCA::LEADER_PACHACUTI, CIVILIZATION_CREE::LEADER_POUNDMAKER, CIVILIZATION_BRAZIL::LEADER_PEDRO, CIVILIZATION_ZULU::LEADER_SHAKA, CIVILIZATION_CHINA::LEADER_QIN_ALT, CIVILIZATION_CHINA::LEADER_QIN, CIVILIZATION_PORTUGAL::LEADER_JOAO_III, CIVILIZATION_ARABIA::LEADER_SALADIN_ALT, CIVILIZATION_ARABIA::LEADER_SALADIN, CIVILIZATION_KOREA::LEADER_SEONDEOK, CIVILIZATION_KOREA::LEADER_SEJONG, CIVILIZATION_OTTOMAN::LEADER_SULEIMAN_ALT, CIVILIZATION_OTTOMAN::LEADER_SULEIMAN, CIVILIZATION_GEORGIA::LEADER_TAMAR, CIVILIZATION_AMERICA::LEADER_T_ROOSEVELT, CIVILIZATION_INDONESIA::LEADER_GITARJA, CIVILIZATION_ROME::LEADER_TRAJAN, CIVILIZATION_SCYTHIA::LEADER_TOMYRIS, CIVILIZATION_CANADA::LEADER_LAURIER, CIVILIZATION_NETHERLANDS::LEADER_WILHELMINA, CIVILIZATION_NETHERLANDS::LEADER_WILHELMINA_INLAND, CIVILIZATION_ENGLAND::LEADER_VICTORIA, CIVILIZATION_ENGLAND::LEADER_VICTORIA_ALT, CIVILIZATION_CHINA::LEADER_WU_ZETIAN, CIVILIZATION_GRAN_COLOMBIA::LEADER_SIMON_BOLIVAR, CIVILIZATION_HUNGARY::LEADER_MATTHIAS_CORVINUS, CIVILIZATION_POLAND::LEADER_JADWIGA, CIVILIZATION_AMERICA::LEADER_ABRAHAM_LINCOLN, CIVILIZATION_MACEDON::LEADER_ALEXANDER, CIVILIZATION_ENGLAND::LEADER_ELIZABETH, CIVILIZATION_CHINA::LEADER_YONGLE, CIVILIZATION_AUSTRALIA::LEADER_JOHN_CURTIN, CIVILIZATION_VIETNAM::LEADER_LADY_TRIEU, 
[2854926.231] Attempting to find a distinct civilization for the player
[2854926.231] Leader already used: Player 7 - LEADER_BARBAROSSA
[2854926.231] Leader already used: Player 0 - LEADER_CLEOPATRA_ALT (alias for LEADER_CLEOPATRA)
[2854926.231] Leader already used: Player 0 - LEADER_CLEOPATRA_ALT
[2854926.231] Civilization already used: Player 0 - CIVILIZATION_EGYPT
[2854926.231] Civilization already used: Player 7 - CIVILIZATION_GERMANY
[2854926.231] Leader already used: Player 6 - LEADER_PEDRO
[2854926.231] Leader already used: Player 5 - LEADER_ALEXANDER
[2854926.231] Player 8 is now using leader LEADER_LADY_TRIEU.
[2854926.231] Resolving random leader for player 9
[2854926.231] Possible Values: CIVILIZATION_FRANCE::LEADER_ELEANOR_FRANCE, CIVILIZATION_ENGLAND::LEADER_ELEANOR_ENGLAND, CIVILIZATION_GAUL::LEADER_AMBIORIX, CIVILIZATION_BYZANTIUM::LEADER_BASIL, CIVILIZATION_JAPAN::LEADER_HOJO, CIVILIZATION_JAPAN::LEADER_HOJO_INLAND, CIVILIZATION_RUSSIA::LEADER_PETER_GREAT, CIVILIZATION_GREECE::LEADER_PERICLES, CIVILIZATION_MONGOLIA::LEADER_GENGHIS_KHAN, CIVILIZATION_JAPAN::LEADER_TOKUGAWA, CIVILIZATION_BYZANTIUM::LEADER_THEODORA, CIVILIZATION_PHOENICIA::LEADER_DIDO, CIVILIZATION_KHMER::LEADER_JAYAVARMAN, CIVILIZATION_KONGO::LEADER_NZINGA_MBANDE, CIVILIZATION_SPAIN::LEADER_PHILIP_II, CIVILIZATION_SPAIN::LEADER_PHILIP_II_INLAND, CIVILIZATION_GERMANY::LEADER_BARBAROSSA, CIVILIZATION_GREECE::LEADER_GORGO, CIVILIZATION_NORWAY::LEADER_HARDRADA, CIVILIZATION_NORWAY::LEADER_HARALD_ALT, CIVILIZATION_MONGOLIA::LEADER_KUBLAI_KHAN_MONGOLIA, CIVILIZATION_CHINA::LEADER_KUBLAI_KHAN_CHINA, CIVILIZATION_SUMERIA::LEADER_GILGAMESH, CIVILIZATION_PERSIA::LEADER_CYRUS, CIVILIZATION_FRANCE::LEADER_CATHERINE_DE_MEDICI, CIVILIZATION_FRANCE::LEADER_CATHERINE_DE_MEDICI_ALT, CIVILIZATION_SWEDEN::LEADER_KRISTINA, CIVILIZATION_EGYPT::LEADER_CLEOPATRA, CIVILIZATION_EGYPT::LEADER_CLEOPATRA_ALT, CIVILIZATION_MAORI::LEADER_KUPE, CIVILIZATION_EGYPT::LEADER_RAMSES, CIVILIZATION_MAPUCHE::LEADER_LAUTARO, CIVILIZATION_MAYA::LEADER_LADY_SIX_SKY, CIVILIZATION_GERMANY::LEADER_LUDWIG, CIVILIZATION_SCOTLAND::LEADER_ROBERT_THE_BRUCE, CIVILIZATION_AZTEC::LEADER_MONTEZUMA, CIVILIZATION_ETHIOPIA::LEADER_MENELIK, CIVILIZATION_KONGO::LEADER_MVEMBA, CIVILIZATION_PERSIA::LEADER_NADER_SHAH, CIVILIZATION_INCA::LEADER_PACHACUTI, CIVILIZATION_CREE::LEADER_POUNDMAKER, CIVILIZATION_BRAZIL::LEADER_PEDRO, CIVILIZATION_ZULU::LEADER_SHAKA, CIVILIZATION_CHINA::LEADER_QIN_ALT, CIVILIZATION_CHINA::LEADER_QIN, CIVILIZATION_PORTUGAL::LEADER_JOAO_III, CIVILIZATION_ARABIA::LEADER_SALADIN_ALT, CIVILIZATION_ARABIA::LEADER_SALADIN, CIVILIZATION_KOREA::LEADER_SEONDEOK, CIVILIZATION_KOREA::LEADER_SEJONG, CIVILIZATION_OTTOMAN::LEADER_SULEIMAN_ALT, CIVILIZATION_OTTOMAN::LEADER_SULEIMAN, CIVILIZATION_GEORGIA::LEADER_TAMAR, CIVILIZATION_AMERICA::LEADER_T_ROOSEVELT, CIVILIZATION_INDONESIA::LEADER_GITARJA, CIVILIZATION_ROME::LEADER_TRAJAN, CIVILIZATION_SCYTHIA::LEADER_TOMYRIS, CIVILIZATION_CANADA::LEADER_LAURIER, CIVILIZATION_NETHERLANDS::LEADER_WILHELMINA, CIVILIZATION_NETHERLANDS::LEADER_WILHELMINA_INLAND, CIVILIZATION_ENGLAND::LEADER_VICTORIA, CIVILIZATION_ENGLAND::LEADER_VICTORIA_ALT, CIVILIZATION_CHINA::LEADER_WU_ZETIAN, CIVILIZATION_GRAN_COLOMBIA::LEADER_SIMON_BOLIVAR, CIVILIZATION_HUNGARY::LEADER_MATTHIAS_CORVINUS, CIVILIZATION_POLAND::LEADER_JADWIGA, CIVILIZATION_AMERICA::LEADER_ABRAHAM_LINCOLN, CIVILIZATION_MACEDON::LEADER_ALEXANDER, CIVILIZATION_ENGLAND::LEADER_ELIZABETH, CIVILIZATION_CHINA::LEADER_YONGLE, CIVILIZATION_AUSTRALIA::LEADER_JOHN_CURTIN, CIVILIZATION_VIETNAM::LEADER_LADY_TRIEU, 
[2854926.231] Attempting to find a distinct civilization for the player
[2854926.231] Leader already used: Player 7 - LEADER_BARBAROSSA
[2854926.231] Leader already used: Player 0 - LEADER_CLEOPATRA_ALT (alias for LEADER_CLEOPATRA)
[2854926.231] Leader already used: Player 0 - LEADER_CLEOPATRA_ALT
[2854926.231] Civilization already used: Player 0 - CIVILIZATION_EGYPT
[2854926.231] Civilization already used: Player 7 - CIVILIZATION_GERMANY
[2854926.231] Leader already used: Player 6 - LEADER_PEDRO
[2854926.231] Leader already used: Player 5 - LEADER_ALEXANDER
[2854926.231] Leader already used: Player 8 - LEADER_LADY_TRIEU
[2854926.231] Player 9 is now using leader LEADER_TRAJAN.
[2854926.231] Success!
[2854926.231] New Civ/Leader State:
[2854926.231] Player 0: Civilization - CIVILIZATION_EGYPT (-1155553852)  Leader - LEADER_CLEOPATRA_ALT (1443235924), - Level - CIVILIZATION_LEVEL_FULL_CIV, SlotStatus - Human
[2854926.231] Player 1: Civilization - CIVILIZATION_BABYLON_STK (1770109778)  Leader - LEADER_HAMMURABI (963386021), - Level - CIVILIZATION_LEVEL_FULL_CIV, SlotStatus - Human
[2854926.231] Player 2: Civilization - CIVILIZATION_INDIA (-507217249)  Leader - LEADER_CHANDRAGUPTA (-746938402), - Level - CIVILIZATION_LEVEL_FULL_CIV, SlotStatus - Human
[2854926.231] Player 3: Civilization - CIVILIZATION_MALI (-2046435992)  Leader - LEADER_MANSA_MUSA (2069632485), - Level - CIVILIZATION_LEVEL_FULL_CIV, SlotStatus - Human
[2854926.231] Player 4: Civilization - CIVILIZATION_NUBIA (-797898077)  Leader - LEADER_AMANITORE (1254487876), - Level - CIVILIZATION_LEVEL_FULL_CIV, SlotStatus - Human
[2854926.231] Player 5: Civilization - CIVILIZATION_MACEDON (1537796075)  Leader - LEADER_ALEXANDER (578691269), - Level - CIVILIZATION_LEVEL_FULL_CIV, SlotStatus - AI
[2854926.231] Player 6: Civilization - CIVILIZATION_BRAZIL (831236679)  Leader - LEADER_PEDRO (1091692515), - Level - CIVILIZATION_LEVEL_FULL_CIV, SlotStatus - AI
[2854926.231] Player 7: Civilization - CIVILIZATION_GERMANY (1618876931)  Leader - LEADER_BARBAROSSA (922652158), - Level - CIVILIZATION_LEVEL_FULL_CIV, SlotStatus - AI
[2854926.231] Player 8: Civilization - CIVILIZATION_VIETNAM (-1076195062)  Leader - LEADER_LADY_TRIEU (-198831152), - Level - CIVILIZATION_LEVEL_FULL_CIV, SlotStatus - AI
[2854926.231] Player 9: Civilization - CIVILIZATION_ROME (-1806906687)  Leader - LEADER_TRAJAN (1512040514), - Level - CIVILIZATION_LEVEL_FULL_CIV, SlotStatus - AI
[2854926.232] Resolving Random City States for Game.
[2854926.232] Adding 12 City-States to the game.
[2854926.785] Initializing player from config:
[2854926.785] Player 0: Civilization - CIVILIZATION_EGYPT (-1155553852)  Leader - LEADER_CLEOPATRA_ALT (1443235924), - Level - CIVILIZATION_LEVEL_FULL_CIV, SlotStatus - Human
[2854926.785] Player 1: Civilization - CIVILIZATION_BABYLON_STK (1770109778)  Leader - LEADER_HAMMURABI (963386021), - Level - CIVILIZATION_LEVEL_FULL_CIV, SlotStatus - Human
[2854926.785] Player 2: Civilization - CIVILIZATION_INDIA (-507217249)  Leader - LEADER_CHANDRAGUPTA (-746938402), - Level - CIVILIZATION_LEVEL_FULL_CIV, SlotStatus - Human
[2854926.785] Player 3: Civilization - CIVILIZATION_MALI (-2046435992)  Leader - LEADER_MANSA_MUSA (2069632485), - Level - CIVILIZATION_LEVEL_FULL_CIV, SlotStatus - Human
[2854926.785] Player 4: Civilization - CIVILIZATION_NUBIA (-797898077)  Leader - LEADER_AMANITORE (1254487876), - Level - CIVILIZATION_LEVEL_FULL_CIV, SlotStatus - Human
[2854926.785] Player 5: Civilization - CIVILIZATION_MACEDON (1537796075)  Leader - LEADER_ALEXANDER (578691269), - Level - CIVILIZATION_LEVEL_FULL_CIV, SlotStatus - AI
[2854926.785] Player 6: Civilization - CIVILIZATION_BRAZIL (831236679)  Leader - LEADER_PEDRO (1091692515), - Level - CIVILIZATION_LEVEL_FULL_CIV, SlotStatus - AI
[2854926.785] Player 7: Civilization - CIVILIZATION_GERMANY (1618876931)  Leader - LEADER_BARBAROSSA (922652158), - Level - CIVILIZATION_LEVEL_FULL_CIV, SlotStatus - AI
[2854926.785] Player 8: Civilization - CIVILIZATION_VIETNAM (-1076195062)  Leader - LEADER_LADY_TRIEU (-198831152), - Level - CIVILIZATION_LEVEL_FULL_CIV, SlotStatus - AI
[2854926.785] Player 9: Civilization - CIVILIZATION_ROME (-1806906687)  Leader - LEADER_TRAJAN (1512040514), - Level - CIVILIZATION_LEVEL_FULL_CIV, SlotStatus - AI
[2854926.785] Player 10: Civilization - CIVILIZATION_BABYLON (-2074343635)  Leader - LEADER_MINOR_CIV_BABYLON (623277698), - Level - CIVILIZATION_LEVEL_CITY_STATE, SlotStatus - AI
[2854926.785] Player 11: Civilization - CIVILIZATION_JERUSALEM (357080612)  Leader - LEADER_MINOR_CIV_JERUSALEM (467001042), - Level - CIVILIZATION_LEVEL_CITY_STATE, SlotStatus - AI
[2854926.785] Player 12: Civilization - CIVILIZATION_HATTUSA (1490631343)  Leader - LEADER_MINOR_CIV_HATTUSA (-106738944), - Level - CIVILIZATION_LEVEL_CITY_STATE, SlotStatus - AI
[2854926.785] Player 13: Civilization - CIVILIZATION_JOHANNESBURG (16165590)  Leader - LEADER_MINOR_CIV_JOHANNESBURG (-814217914), - Level - CIVILIZATION_LEVEL_CITY_STATE, SlotStatus - AI
[2854926.785] Player 14: Civilization - CIVILIZATION_LISBON (1287702226)  Leader - LEADER_MINOR_CIV_LISBON (-417196173), - Level - CIVILIZATION_LEVEL_CITY_STATE, SlotStatus - AI
[2854926.785] Player 15: Civilization - CIVILIZATION_VATICAN_CITY (511131069)  Leader - LEADER_MINOR_CIV_VATICAN_CITY (-772173267), - Level - CIVILIZATION_LEVEL_CITY_STATE, SlotStatus - AI
[2854926.785] Player 16: Civilization - CIVILIZATION_VILNIUS (1551939635)  Leader - LEADER_MINOR_CIV_VILNIUS (-33896036), - Level - CIVILIZATION_LEVEL_CITY_STATE, SlotStatus - AI
[2854926.785] Player 17: Civilization - CIVILIZATION_YEREVAN (-1895171710)  Leader - LEADER_MINOR_CIV_YEREVAN (779323437), - Level - CIVILIZATION_LEVEL_CITY_STATE, SlotStatus - AI
[2854926.785] Player 18: Civilization - CIVILIZATION_BUENOS_AIRES (-549593626)  Leader - LEADER_MINOR_CIV_BUENOS_AIRES (280195702), - Level - CIVILIZATION_LEVEL_CITY_STATE, SlotStatus - AI
[2854926.785] Player 19: Civilization - CIVILIZATION_FEZ (1256334125)  Leader - LEADER_MINOR_CIV_FEZ (2050516078), - Level - CIVILIZATION_LEVEL_CITY_STATE, SlotStatus - AI
[2854926.785] Player 20: Civilization - CIVILIZATION_KUMASI (1044830946)  Leader - LEADER_MINOR_CIV_KUMASI (-1784411325), - Level - CIVILIZATION_LEVEL_CITY_STATE, SlotStatus - AI
[2854926.785] Player 21: Civilization - CIVILIZATION_PRESLAV (-1590856877)  Leader - LEADER_MINOR_CIV_PRESLAV (5702396), - Level - CIVILIZATION_LEVEL_CITY_STATE, SlotStatus - AI
[2854926.785] Player 62: Civilization - CIVILIZATION_FREE_CITIES (1332034383)  Leader - LEADER_FREE_CITIES (-1907075578), - Level - CIVILIZATION_LEVEL_FREE_CITIES, SlotStatus - AI
[2854926.785] Player 63: Civilization - CIVILIZATION_BARBARIAN (-1758762461)  Leader - (null) (0), - Level - CIVILIZATION_LEVEL_TRIBE, SlotStatus - AI
[2854927.210] Pathfinder Allocation, rows 88, columns 88, column buffer 704, row buffer 7744, total 681472
[2854927.210] Pathfinder Allocation, rows 88, columns 88, column buffer 704, row buffer 7744, total 681472
[2854927.210] Pathfinder Allocation, rows 88, columns 88, column buffer 704, row buffer 7744, total 681472
[2854927.210] Pathfinder Allocation, rows 88, columns 88, column buffer 704, row buffer 7744, total 681472
[2854927.210] Pathfinder Allocation, rows 88, columns 88, column buffer 704, row buffer 7744, total 681472
[2854927.210] Pathfinder Allocation, rows 88, columns 88, column buffer 704, row buffer 7744, total 681472
[2854927.210] Pathfinder Allocation, rows 88, columns 88, column buffer 704, row buffer 7744, total 681472
[2854927.210] Pathfinder Allocation, rows 88, columns 88, column buffer 704, row buffer 7744, total 681472
[2854927.211] Pathfinder Allocation, rows 88, columns 88, column buffer 704, row buffer 7744, total 681472
[2854961.306] Common Class Sizes:
[2854961.306] Unit::Instance, size = 3368
[2854961.306] Unit::GreatPerson, size = 24
[2854961.306] Unit::Archaeology, size = 48
[2854961.306] Unit::Espionage, size = 136
[2854961.306] Unit::Experience, size = 80
[2854961.306] Unit::Trade, size = 48
[2854961.306] Unit::Religion, size = 96
[2854961.306] Unit::RockBand, size = 208
[2854961.306] Unit::HealthModifiers, size = 16
[2854961.306] Unit::HealthReligionModifiers, size = 16
[2854961.306] Unit::CombatModifiers, size = 132
[2854961.306] Unit::MovementModifiers, size = 28
[2854961.306] Unit::SightModifiers, size = 8
[2854961.306] Unit::AttackRangeModifiers, size = 4
[2854961.306] Cache::Unit::Instance, size = 496
[2854961.306] Player::Instance, size = 2128
[2854961.306] Map::Plot::Instance, size = 80
[2854961.306] Cache::Map::Plot::Instance, size = 96
[2854961.306] Player::Trade, size = 2144
[2854961.306] Player::Techs, size = 488
[2854961.306] Player::Stats, size = 3648
[2854961.306] Player::Treasury, size = 472
[2854961.306] Trade::Vertex, size = 12
[2854961.306] Trade::Edge, size = 528
[2854961.306] Trade::Route, size = 112
[2854961.306] Trade::Graph, size = 344
