[2026-09-16 19:57:32]	Renderer::EnumDisplayAdapters(): Available device: NVIDIA GeForce RTX 4070 Ti (DeviceID = 2782 SubsysID = 16e110de Revision= a1 Caps = 10)
[2026-09-16 19:57:33]	Renderer::EnumDisplayAdapters(): Available device: NVIDIA GeForce RTX 4070 Ti (DeviceID = 2782 SubsysID = 16e110de Revision= a1 Caps = 10)
[2026-09-16 19:57:33]	Renderer::EnumDisplayAdapters(): Available device: Microsoft Basic Render Driver (DeviceID = 8c SubsysID = 0 Revision= 0 Caps = 10)
[2026-09-16 19:57:33]	Renderer::CreateAdapter(): Selected DXGI adapter corresponding to device index 0.
[2026-09-16 19:57:33]	Renderer::EnumDisplayAdapters(): Available device: NVIDIA GeForce RTX 4070 Ti (DeviceID = 2782 SubsysID = 16e110de Revision= a1 Caps = 10)
[2026-09-16 19:57:33]	Renderer::CreateD3DDevice(): Creating D3D device.
[2026-09-16 19:57:35]	AppHost::UpdateMonitorInfo(): Monitor information:
	MONITORINFO.rcMonitor = (left: 0, top: 0, right: 2560, bottom: 1440)
	MONITORINFO.rcWork = (left: 0, top: 0, right: 2560, bottom: 1392)
	MONITORINFO.dwFlags = MONITORINFOF_PRIMARY
[2026-09-16 19:57:35]	Renderer::Startup(): Called with
	Device Index = 0
	Backbuffer Format = 87
	Resolution = (2560 x 1440)
	RefreshRateInHz = 60
	WindowMode = Windowed
	VSync = 1
	Threading Mode = 0.
[2026-09-16 19:57:35]	Renderer::SetScreenMode(): Called with
	Resolution = (2560 x 1440)
	RefreshRate = (60 / 1)
	ScreenMode = Windowed.
[2026-09-16 19:57:35]	Renderer::CreateDefaultSwapChain(): Creating a new swap chain with Resolution = (2560 x 1440) RefreshRate = (60 / 1).
[2026-09-16 19:57:35]	*** Renderer::SetScreenMode(): Returning success.
[2026-09-16 19:57:35]	Selected GPU device:
    Device: NVIDIA GeForce RTX 4070 Ti
    DeviceID: 2782
    SubsystemId: 16e110de
    RevisionId: a1
    Threadmode: 1
    CB rebase: 1
    Driver Version: DriverVersionNotQueriedDueToGeForceExperienceBug
    DedicatedVidMem: 3986685952
    DedicatedSysMem: 0
[2026-09-16 19:57:35]	Physical system memory size: 64.00GB
[2026-09-16 19:57:35]	Logical processor count: 12
[2026-09-16 19:57:35]	Physical processor count: 6
[2026-09-16 19:57:35]	IsLaptopOrTablet: 0
[2026-09-16 19:57:35]	TBB build.

[2026-09-16 19:57:48]	Growing UpdateSubresource invocations
[2026-09-16 19:57:48]	Growing UpdateSubresource invocations
[2026-09-16 19:57:48]	Growing UpdateSubresource invocations
[2026-09-16 19:59:12]	Received Renderer::AppDeactivated
[2026-09-16 19:59:35]	Received Renderer::AppActivated
[2026-09-16 19:59:38]	Growing UpdateSubresource invocations
[2026-09-16 20:03:23]	Growing UpdateSubresource invocations
[2026-09-16 20:04:57]	Growing UpdateSubresource memory space on command stream
[2026-09-16 20:04:57]	Growing UpdateSubresource memory space on command stream
[2026-09-16 20:04:57]	Growing UpdateSubresource memory space on command stream
[2026-09-16 20:05:46]	Allocated new CB rebase buffer
[2026-09-16 20:07:18]	Allocated new CB rebase buffer
[2026-09-16 20:07:19]	Allocated new CB rebase buffer
[2026-09-16 20:07:32]	Allocated new CB rebase buffer
[2026-09-16 20:07:52]	Allocated new Instance TBuffer buffer
[2026-09-16 20:08:27]	Allocated new Instance TBuffer buffer
[2026-09-16 20:09:30]	Allocated new CB rebase buffer
[2026-09-16 20:09:31]	Allocated new CB rebase buffer
[2026-09-16 20:09:31]	Allocated new CB rebase buffer
[2026-09-16 20:10:46]	Allocated new Instance TBuffer buffer
[2026-09-16 20:11:53]	Allocated new Instance TBuffer buffer
[2026-09-16 20:12:45]	Allocated new CB rebase buffer
[2026-09-16 20:15:04]	Received Renderer::AppDeactivated
[2026-09-16 20:15:06]	Received Renderer::AppActivated
[2026-09-16 20:16:43]	Received Renderer::AppDeactivated
[2026-09-16 20:16:54]	Received Renderer::AppActivated
[2026-09-16 20:17:41]	Received Renderer::AppDeactivated
[2026-09-16 20:17:42]	Received Renderer::AppActivated
[2026-09-16 20:17:51]	Received Renderer::AppDeactivated
[2026-09-16 20:17:56]	Received Renderer::AppActivated
[2026-09-16 20:18:26]	Received Renderer::AppDeactivated
[2026-09-16 20:18:42]	Received Renderer::AppActivated
[2026-09-16 20:18:59]	Received Renderer::AppDeactivated
[2026-09-16 20:19:02]	Received Renderer::AppActivated
[2026-09-16 20:27:48]	Allocated new Instance TBuffer buffer
[2026-09-16 20:27:49]	Allocated new Instance TBuffer buffer
[2026-09-16 20:27:49]	Allocated new Instance TBuffer buffer
[2026-09-16 20:28:15]	Allocated new Instance TBuffer buffer
[2026-09-16 20:28:15]	Allocated new Instance TBuffer buffer
[2026-09-16 20:28:39]	Allocated new Instance TBuffer buffer
[2026-09-16 20:28:40]	Allocated new Instance TBuffer buffer
[2026-09-16 20:28:41]	Allocated new Instance TBuffer buffer
[2026-09-16 20:29:05]	Allocated new CB rebase buffer
[2026-09-16 20:29:48]	Allocated new Instance TBuffer buffer
[2026-09-16 20:29:48]	Allocated new Instance TBuffer buffer
[2026-09-16 20:33:41]	Received Renderer::AppDeactivated
[2026-09-16 20:33:46]	Received Renderer::AppActivated
[2026-09-16 20:33:54]	Allocated new Instance TBuffer buffer
[2026-09-16 20:34:05]	Growing UpdateSubresource memory space on command stream
[2026-09-16 20:34:32]	Allocated new Instance TBuffer buffer
[2026-09-16 20:34:35]	Allocated new CB rebase buffer
[2026-09-16 20:34:37]	Allocated new CB rebase buffer
[2026-09-16 20:34:37]	Allocated new CB rebase buffer
[2026-09-16 20:34:37]	Allocated new CB rebase buffer
[2026-09-16 20:34:44]	Allocated new CB rebase buffer
[2026-09-16 20:36:25]	Allocated new Instance TBuffer buffer
[2026-09-16 20:36:30]	Allocated new Instance TBuffer buffer
[2026-09-16 20:36:55]	Allocated new CB rebase buffer
[2026-09-16 20:36:55]	Allocated new CB rebase buffer
[2026-09-16 20:36:55]	Allocated new CB rebase buffer
[2026-09-16 20:36:55]	Allocated new CB rebase buffer
[2026-09-16 20:38:51]	Received Renderer::AppDeactivated
