[2026-09-16 19:57:32]	Civ6App::InitialInit start.
[2026-09-16 19:57:32]	Game Version = 1.0.12.68 (1023995)
[2026-09-16 19:57:32]	Running App::EOS::SetupService() ...
[2026-09-16 19:57:32]	EOSSystemEventHandler Startup
[2026-09-16 19:57:32]	Running SetupReflectionTypeInfo() ...
[2026-09-16 19:57:32]	Running SetupErrorHandling() ...
[2026-09-16 19:57:32]	Running DoGraphicsDeviceSelection() ...
[2026-09-16 19:57:33]	Selected graphics device is: NVIDIA GeForce RTX 4070 Ti.  Device ID: 10114.  Index: 0
[2026-09-16 19:57:33]	Unable to determine Graphics Performance Level. Defaulting graphics settings to medium.
[2026-09-16 19:57:33]	Running RegisterEvents() ...
[2026-09-16 19:57:33]	Running SetupNetworkLobbyService() ...
[2026-09-16 19:57:33]	SetupNetworkLobbyService()
[2026-09-16 19:57:33]	Running SetupMemoryTracker() ...
[2026-09-16 19:57:33]	Running SetupFileSystem() ...
[2026-09-16 19:57:33]	Running SetupLogging() ...
[2026-09-16 19:57:33]	Running SetupDedicatedServer() ...
[2026-09-16 19:57:33]	Running SetupNetwork() ...
[2026-09-16 19:57:33]	CommandLine = 
[2026-09-16 19:57:33]	Running SetupDatabase() ...
[2026-09-16 19:57:35]	Running SetupLocalization() ...
[2026-09-16 19:57:35]	Running SetupContentPaths() ...
[2026-09-16 19:57:35]	Running SetupOwnership() ...
[2026-09-16 19:57:35]	Running GameCore::InitializeApplicationSupport() ...
[2026-09-16 19:57:35]	Running SetupChallenges() ...
[2026-09-16 19:57:35]	Game Core Thread Count = 3.
[2026-09-16 19:57:35]	Game Core Unit Pathing Thread Count = 3.
[2026-09-16 19:57:35]	Game Core Trade Pathing Thread Count = 3.
[2026-09-16 19:57:35]	Civ6App::InitialInit end.
[2026-09-16 19:57:35]	Civ6App::GUIInit start.
[2026-09-16 19:57:35]	Running SetupGraphics() ...
[2026-09-16 19:57:35]	Running SetupArtManager() ...
[2026-09-16 19:57:35]	Running SetupUI() ...
[2026-09-16 19:57:35]	Running SubscribeToEvents() ...
[2026-09-16 19:57:35]	Running SetupGameStates() ...
[2026-09-16 19:57:35]	Running SetupInput() ...
[2026-09-16 19:57:35]	Starting search engine.
[2026-09-16 19:57:35]	Setting up achievements.
[2026-09-16 19:57:35]	Setting up scripting.
[2026-09-16 19:57:35]	Setting up modding.
[2026-09-16 19:57:40]	Running SetupTuner() ...
[2026-09-16 19:57:40]	Setting up tuner.
[2026-09-16 19:57:40]	Spawning async init job.
[2026-09-16 19:57:40]	Civ6App::GUIInit end.
[2026-09-16 19:57:40]	Running SetupAudio(uiSystemInitFlags) ...
[2026-09-16 19:57:40]	Running Granny::Initialize() ...
[2026-09-16 19:57:40]	Running SetupBinarySerialization() ...
